Analyzing akeli-nutrition-app...                                

   info - Use 'const' literals as arguments to constructors of '@immutable' classes - lib\features\home\home_page.dart:216:47 - prefer_const_literals_to_create_immutables
   info - Use 'const' literals as arguments to constructors of '@immutable' classes - lib\features\home\home_page.dart:246:47 - prefer_const_literals_to_create_immutables
warning - The declaration '_ShoppingPreviewItem' isn't referenced - lib\features\home\home_page.dart:614:7 - unused_element
warning - Unused import: '../../providers/meal_plan_provider.dart' - lib\features\meal_planner\meal_planner_page.dart:8:8 - unused_import
warning - Unused import: '../../shared/widgets/empty_state.dart' - lib\features\meal_planner\meal_planner_page.dart:10:8 - unused_import
   info - Don't invoke 'print' in production code - lib\providers\auth_provider.dart:39:7 - avoid_print
   info - Don't invoke 'print' in production code - lib\providers\auth_provider.dart:44:7 - avoid_print
   info - Don't invoke 'print' in production code - lib\providers\auth_provider.dart:47:9 - avoid_print
   info - Don't invoke 'print' in production code - lib\providers\auth_provider.dart:59:7 - avoid_print
   info - Don't invoke 'print' in production code - lib\providers\auth_provider.dart:66:7 - avoid_print
   info - Don't invoke 'print' in production code - lib\providers\auth_provider.dart:69:9 - avoid_print
   info - Don't invoke 'print' in production code - lib\providers\auth_provider.dart:74:7 - avoid_print
   info - Don't invoke 'print' in production code - lib\providers\auth_provider.dart:81:7 - avoid_print
   info - Don't invoke 'print' in production code - lib\providers\auth_provider.dart:83:7 - avoid_print
warning - The declaration '_mealTypeEmoji' isn't referenced - lib\shared\widgets\meal_card.dart:41:14 - unused_element
   info - Use 'const' with the constructor to improve performance - lib\shared\widgets\progress_circle.dart:54:34 - prefer_const_constructors
   info - Don't invoke 'print' in production code - test\verify_auth.dart:8:3 - avoid_print
   info - Don't invoke 'print' in production code - test\verify_auth.dart:13:5 - avoid_print
   info - Don't invoke 'print' in production code - test\verify_auth.dart:16:5 - avoid_print
   info - Don't invoke 'print' in production code - test\verify_auth.dart:23:7 - avoid_print
   info - Don't invoke 'print' in production code - test\verify_auth.dart:25:7 - avoid_print
   info - Don't invoke 'print' in production code - test\verify_auth.dart:28:5 - avoid_print
   info - Don't invoke 'print' in production code - test\verify_auth.dart:35:7 - avoid_print
   info - Don't invoke 'print' in production code - test\verify_auth.dart:37:7 - avoid_print
   info - Don't invoke 'print' in production code - test\verify_auth.dart:40:5 - avoid_print
   info - Don't invoke 'print' in production code - test\verify_auth.dart:42:5 - avoid_print
   info - Don't invoke 'print' in production code - test\verify_auth.dart:45:5 - avoid_print
   info - Don't invoke 'print' in production code - test\verify_auth.dart:46:5 - avoid_print
   info - Don't invoke 'print' in production code - test\verify_auth.dart:48:5 - avoid_print
   info - Don't invoke 'print' in production code - test\verify_supabase.dart:8:3 - avoid_print
   info - Don't invoke 'print' in production code - test\verify_supabase.dart:11:5 - avoid_print
   info - Don't invoke 'print' in production code - test\verify_supabase.dart:17:5 - avoid_print
   info - Don't invoke 'print' in production code - test\verify_supabase.dart:24:7 - avoid_print
   info - Don't invoke 'print' in production code - test\verify_supabase.dart:26:7 - avoid_print
   info - Don't invoke 'print' in production code - test\verify_supabase.dart:27:7 - avoid_print
   info - Don't invoke 'print' in production code - test\verify_supabase.dart:29:9 - avoid_print
   info - Don't invoke 'print' in production code - test\verify_supabase.dart:33:5 - avoid_print
   info - Don't invoke 'print' in production code - test\verify_supabase.dart:34:5 - avoid_print
   info - Don't invoke 'print' in production code - test\verify_supabase.dart:38:5 - avoid_print

